// Jest Snapshot v1, https://goo.gl/fbAQLP

exports[`App renders correctly 1`] = `
ShallowWrapper {
  Symbol(enzyme.__root__): [Circular],
  Symbol(enzyme.__unrendered__): <App />,
  Symbol(enzyme.__renderer__): Object {
    "batchedUpdates": [Function],
    "checkPropTypes": [Function],
    "getNode": [Function],
    "render": [Function],
    "simulateError": [Function],
    "simulateEvent": [Function],
    "unmount": [Function],
  },
  Symbol(enzyme.__node__): Object {
    "instance": null,
    "key": undefined,
    "nodeType": "host",
    "props": Object {
      "children": <BrowserRouter>
        <Header />
        <div
          id="content"
        >
          <Route
            component={[Function]}
            exact={true}
            path="/"
          />
          <Route
            component={[Function]}
            exact={true}
            path="/signin"
          />
          <Route
            component={[Function]}
            exact={true}
            path="/trainings"
          />
          <Route
            component={[Function]}
            exact={true}
            path="/trainings/new"
          />
          <Route
            component={[Function]}
            exact={true}
            path="/trainings/edit"
          />
          <Route
            component={[Function]}
            exact={true}
            path="/trainings/delete"
          />
          <Route
            component={[Function]}
            exact={true}
            path="/trainings/detail"
          />
        </div>
      </BrowserRouter>,
      "className": "ui container",
      "id": "app",
    },
    "ref": null,
    "rendered": Object {
      "instance": null,
      "key": undefined,
      "nodeType": "class",
      "props": Object {
        "children": Array [
          <Header />,
          <div
            id="content"
          >
            <Route
              component={[Function]}
              exact={true}
              path="/"
            />
            <Route
              component={[Function]}
              exact={true}
              path="/signin"
            />
            <Route
              component={[Function]}
              exact={true}
              path="/trainings"
            />
            <Route
              component={[Function]}
              exact={true}
              path="/trainings/new"
            />
            <Route
              component={[Function]}
              exact={true}
              path="/trainings/edit"
            />
            <Route
              component={[Function]}
              exact={true}
              path="/trainings/delete"
            />
            <Route
              component={[Function]}
              exact={true}
              path="/trainings/detail"
            />
          </div>,
        ],
      },
      "ref": null,
      "rendered": Array [
        Object {
          "instance": null,
          "key": undefined,
          "nodeType": "function",
          "props": Object {},
          "ref": null,
          "rendered": null,
          "type": [Function],
        },
        Object {
          "instance": null,
          "key": undefined,
          "nodeType": "host",
          "props": Object {
            "children": Array [
              <Route
                component={[Function]}
                exact={true}
                path="/"
              />,
              <Route
                component={[Function]}
                exact={true}
                path="/signin"
              />,
              <Route
                component={[Function]}
                exact={true}
                path="/trainings"
              />,
              <Route
                component={[Function]}
                exact={true}
                path="/trainings/new"
              />,
              <Route
                component={[Function]}
                exact={true}
                path="/trainings/edit"
              />,
              <Route
                component={[Function]}
                exact={true}
                path="/trainings/delete"
              />,
              <Route
                component={[Function]}
                exact={true}
                path="/trainings/detail"
              />,
            ],
            "id": "content",
          },
          "ref": null,
          "rendered": Array [
            Object {
              "instance": null,
              "key": undefined,
              "nodeType": "class",
              "props": Object {
                "component": [Function],
                "exact": true,
                "path": "/",
              },
              "ref": null,
              "rendered": null,
              "type": [Function],
            },
            Object {
              "instance": null,
              "key": undefined,
              "nodeType": "class",
              "props": Object {
                "component": [Function],
                "exact": true,
                "path": "/signin",
              },
              "ref": null,
              "rendered": null,
              "type": [Function],
            },
            Object {
              "instance": null,
              "key": undefined,
              "nodeType": "class",
              "props": Object {
                "component": [Function],
                "exact": true,
                "path": "/trainings",
              },
              "ref": null,
              "rendered": null,
              "type": [Function],
            },
            Object {
              "instance": null,
              "key": undefined,
              "nodeType": "class",
              "props": Object {
                "component": [Function],
                "exact": true,
                "path": "/trainings/new",
              },
              "ref": null,
              "rendered": null,
              "type": [Function],
            },
            Object {
              "instance": null,
              "key": undefined,
              "nodeType": "class",
              "props": Object {
                "component": [Function],
                "exact": true,
                "path": "/trainings/edit",
              },
              "ref": null,
              "rendered": null,
              "type": [Function],
            },
            Object {
              "instance": null,
              "key": undefined,
              "nodeType": "class",
              "props": Object {
                "component": [Function],
                "exact": true,
                "path": "/trainings/delete",
              },
              "ref": null,
              "rendered": null,
              "type": [Function],
            },
            Object {
              "instance": null,
              "key": undefined,
              "nodeType": "class",
              "props": Object {
                "component": [Function],
                "exact": true,
                "path": "/trainings/detail",
              },
              "ref": null,
              "rendered": null,
              "type": [Function],
            },
          ],
          "type": "div",
        },
      ],
      "type": [Function],
    },
    "type": "div",
  },
  Symbol(enzyme.__nodes__): Array [
    Object {
      "instance": null,
      "key": undefined,
      "nodeType": "host",
      "props": Object {
        "children": <BrowserRouter>
          <Header />
          <div
            id="content"
          >
            <Route
              component={[Function]}
              exact={true}
              path="/"
            />
            <Route
              component={[Function]}
              exact={true}
              path="/signin"
            />
            <Route
              component={[Function]}
              exact={true}
              path="/trainings"
            />
            <Route
              component={[Function]}
              exact={true}
              path="/trainings/new"
            />
            <Route
              component={[Function]}
              exact={true}
              path="/trainings/edit"
            />
            <Route
              component={[Function]}
              exact={true}
              path="/trainings/delete"
            />
            <Route
              component={[Function]}
              exact={true}
              path="/trainings/detail"
            />
          </div>
        </BrowserRouter>,
        "className": "ui container",
        "id": "app",
      },
      "ref": null,
      "rendered": Object {
        "instance": null,
        "key": undefined,
        "nodeType": "class",
        "props": Object {
          "children": Array [
            <Header />,
            <div
              id="content"
            >
              <Route
                component={[Function]}
                exact={true}
                path="/"
              />
              <Route
                component={[Function]}
                exact={true}
                path="/signin"
              />
              <Route
                component={[Function]}
                exact={true}
                path="/trainings"
              />
              <Route
                component={[Function]}
                exact={true}
                path="/trainings/new"
              />
              <Route
                component={[Function]}
                exact={true}
                path="/trainings/edit"
              />
              <Route
                component={[Function]}
                exact={true}
                path="/trainings/delete"
              />
              <Route
                component={[Function]}
                exact={true}
                path="/trainings/detail"
              />
            </div>,
          ],
        },
        "ref": null,
        "rendered": Array [
          Object {
            "instance": null,
            "key": undefined,
            "nodeType": "function",
            "props": Object {},
            "ref": null,
            "rendered": null,
            "type": [Function],
          },
          Object {
            "instance": null,
            "key": undefined,
            "nodeType": "host",
            "props": Object {
              "children": Array [
                <Route
                  component={[Function]}
                  exact={true}
                  path="/"
                />,
                <Route
                  component={[Function]}
                  exact={true}
                  path="/signin"
                />,
                <Route
                  component={[Function]}
                  exact={true}
                  path="/trainings"
                />,
                <Route
                  component={[Function]}
                  exact={true}
                  path="/trainings/new"
                />,
                <Route
                  component={[Function]}
                  exact={true}
                  path="/trainings/edit"
                />,
                <Route
                  component={[Function]}
                  exact={true}
                  path="/trainings/delete"
                />,
                <Route
                  component={[Function]}
                  exact={true}
                  path="/trainings/detail"
                />,
              ],
              "id": "content",
            },
            "ref": null,
            "rendered": Array [
              Object {
                "instance": null,
                "key": undefined,
                "nodeType": "class",
                "props": Object {
                  "component": [Function],
                  "exact": true,
                  "path": "/",
                },
                "ref": null,
                "rendered": null,
                "type": [Function],
              },
              Object {
                "instance": null,
                "key": undefined,
                "nodeType": "class",
                "props": Object {
                  "component": [Function],
                  "exact": true,
                  "path": "/signin",
                },
                "ref": null,
                "rendered": null,
                "type": [Function],
              },
              Object {
                "instance": null,
                "key": undefined,
                "nodeType": "class",
                "props": Object {
                  "component": [Function],
                  "exact": true,
                  "path": "/trainings",
                },
                "ref": null,
                "rendered": null,
                "type": [Function],
              },
              Object {
                "instance": null,
                "key": undefined,
                "nodeType": "class",
                "props": Object {
                  "component": [Function],
                  "exact": true,
                  "path": "/trainings/new",
                },
                "ref": null,
                "rendered": null,
                "type": [Function],
              },
              Object {
                "instance": null,
                "key": undefined,
                "nodeType": "class",
                "props": Object {
                  "component": [Function],
                  "exact": true,
                  "path": "/trainings/edit",
                },
                "ref": null,
                "rendered": null,
                "type": [Function],
              },
              Object {
                "instance": null,
                "key": undefined,
                "nodeType": "class",
                "props": Object {
                  "component": [Function],
                  "exact": true,
                  "path": "/trainings/delete",
                },
                "ref": null,
                "rendered": null,
                "type": [Function],
              },
              Object {
                "instance": null,
                "key": undefined,
                "nodeType": "class",
                "props": Object {
                  "component": [Function],
                  "exact": true,
                  "path": "/trainings/detail",
                },
                "ref": null,
                "rendered": null,
                "type": [Function],
              },
            ],
            "type": "div",
          },
        ],
        "type": [Function],
      },
      "type": "div",
    },
  ],
  Symbol(enzyme.__options__): Object {
    "adapter": ReactSixteenAdapter {
      "options": Object {
        "enableComponentDidUpdateOnSetState": true,
        "legacyContextMode": "parent",
        "lifecycles": Object {
          "componentDidUpdate": Object {
            "onSetState": true,
          },
          "getChildContext": Object {
            "calledByRenderer": false,
          },
          "getDerivedStateFromError": true,
          "getDerivedStateFromProps": Object {
            "hasShouldComponentUpdateBug": false,
          },
          "getSnapshotBeforeUpdate": true,
          "setState": Object {
            "skipsComponentDidUpdateOnNullish": true,
          },
        },
      },
    },
    "disableLifecycleMethods": true,
    Symbol(enzyme.__providerValues__): undefined,
  },
  Symbol(enzyme.__providerValues__): Map {},
}
`;
